{"data":{"from":2,"hp":100,"kind":"盾士","owner":1,"time":3.049999999999994,"wardAbsorb":false},"hypothesisId":"A","location":"match.go:popShellLocked","message":"shell popped no leftover absorb","sessionId":"a87218","timestamp":1789812698468}
{"data":{"armedBefore":true,"coverBefore":false,"id":1,"time":3.049999999999994},"hypothesisId":"B","location":"盾士.go:GuardBreak","message":"guard break","sessionId":"a87218","timestamp":1789812698468}
{"data":{"absorbFlag":false,"amt":9,"hasShell":false,"hp":100,"kind":"盾士","time":4.783333333333322,"to":1,"token":2,"wardAbsorb":false},"hypothesisId":"A","location":"match.go:offerDamageLocked","message":"offer","sessionId":"a87218","timestamp":1789812700250}
{"data":{"amt":9,"armed":false,"cover":false,"id":1,"lost":0,"time":4.783333333333322,"token":2},"hypothesisId":"B","location":"盾士.go:IncomingDamage","message":"confirm","sessionId":"a87218","timestamp":1789812700251}
{"data":{"amt":9,"hp":100,"kind":"盾士","time":4.799999999999988,"to":1,"token":2},"hypothesisId":"A","location":"match.go:confirmDamageLocked","message":"confirm applied","sessionId":"a87218","timestamp":1789812700267}
{"data":{"absorbFlag":false,"amt":9,"hasShell":false,"hp":91,"kind":"盾士","time":6.483333333333316,"to":1,"token":3,"wardAbsorb":false},"hypothesisId":"A","location":"match.go:offerDamageLocked","message":"offer","sessionId":"a87218","timestamp":1789812702000}
{"data":{"amt":9,"armed":false,"cover":false,"id":1,"lost":9,"time":6.483333333333316,"token":3},"hypothesisId":"B","location":"盾士.go:IncomingDamage","message":"confirm","sessionId":"a87218","timestamp":1789812702001}
{"data":{"amt":9,"hp":91,"kind":"盾士","time":6.499999999999982,"to":1,"token":3},"hypothesisId":"A","location":"match.go:confirmDamageLocked","message":"confirm applied","sessionId":"a87218","timestamp":1789812702017}
{"data":{"from":2,"hp":82,"kind":"盾士","owner":1,"time":12.683333333333543,"wardAbsorb":false},"hypothesisId":"A","location":"match.go:popShellLocked","message":"shell popped no leftover absorb","sessionId":"a87218","timestamp":1789812708250}
{"data":{"armedBefore":true,"coverBefore":false,"id":1,"time":12.683333333333543},"hypothesisId":"B","location":"盾士.go:GuardBreak","message":"guard break","sessionId":"a87218","timestamp":1789812708250}
{"data":{"absorbFlag":false,"amt":9,"hasShell":false,"hp":82,"kind":"盾士","time":12.90000000000022,"to":1,"token":6,"wardAbsorb":false},"hypothesisId":"A","location":"match.go:offerDamageLocked","message":"offer","sessionId":"a87218","timestamp":1789812708517}
{"data":{"amt":9,"armed":false,"cover":false,"id":1,"lost":0,"time":12.90000000000022,"token":6},"hypothesisId":"B","location":"盾士.go:IncomingDamage","message":"confirm","sessionId":"a87218","timestamp":1789812708518}
{"data":{"amt":9,"hp":82,"kind":"盾士","time":12.916666666666888,"to":1,"token":6},"hypothesisId":"A","location":"match.go:confirmDamageLocked","message":"confirm applied","sessionId":"a87218","timestamp":1789812708534}
{"data":{"from":30,"hp":73,"kind":"盾士","owner":1,"time":17.833333333333602,"wardAbsorb":false},"hypothesisId":"A","location":"match.go:popShellLocked","message":"shell popped no leftover absorb","sessionId":"a87218","timestamp":1789812713500}
{"data":{"armedBefore":true,"coverBefore":false,"id":1,"time":17.833333333333602},"hypothesisId":"B","location":"盾士.go:GuardBreak","message":"guard break","sessionId":"a87218","timestamp":1789812713500}
{"data":{"from":2,"hp":73,"kind":"盾士","owner":1,"time":27.199999999999736,"wardAbsorb":false},"hypothesisId":"A","location":"match.go:popShellLocked","message":"shell popped no leftover absorb","sessionId":"a87218","timestamp":1789812722917}
{"data":{"armedBefore":true,"coverBefore":false,"id":1,"time":27.199999999999736},"hypothesisId":"B","location":"盾士.go:GuardBreak","message":"guard break","sessionId":"a87218","timestamp":1789812722917}
{"data":{"absorbFlag":false,"amt":9,"hasShell":false,"hp":73,"kind":"盾士","time":27.99999999999969,"to":1,"token":9,"wardAbsorb":false},"hypothesisId":"A","location":"match.go:offerDamageLocked","message":"offer","sessionId":"a87218","timestamp":1789812723767}
{"data":{"amt":9,"armed":false,"cover":false,"id":1,"lost":0,"time":27.99999999999969,"token":9},"hypothesisId":"B","location":"盾士.go:IncomingDamage","message":"confirm","sessionId":"a87218","timestamp":1789812723768}
{"data":{"amt":9,"hp":73,"kind":"盾士","time":28.016666666666357,"to":1,"token":9},"hypothesisId":"A","location":"match.go:confirmDamageLocked","message":"confirm applied","sessionId":"a87218","timestamp":1789812723784}
{"data":{"absorbFlag":false,"amt":9,"hasShell":false,"hp":64,"kind":"盾士","time":28.133333333333017,"to":1,"token":10,"wardAbsorb":false},"hypothesisId":"A","location":"match.go:offerDamageLocked","message":"offer","sessionId":"a87218","timestamp":1789812723950}
{"data":{"amt":9,"armed":false,"cover":false,"id":1,"lost":9,"time":28.133333333333017,"token":10},"hypothesisId":"B","location":"盾士.go:IncomingDamage","message":"confirm","sessionId":"a87218","timestamp":1789812723951}
{"data":{"amt":9,"hp":64,"kind":"盾士","time":28.149999999999682,"to":1,"token":10},"hypothesisId":"A","location":"match.go:confirmDamageLocked","message":"confirm applied","sessionId":"a87218","timestamp":1789812723967}
{"data":{"from":74,"hp":55,"kind":"盾士","owner":1,"time":43.649999999998805,"wardAbsorb":false},"hypothesisId":"A","location":"match.go:popShellLocked","message":"shell popped no leftover absorb","sessionId":"a87218","timestamp":1789812739634}
{"data":{"armedBefore":true,"coverBefore":false,"id":1,"time":43.649999999998805},"hypothesisId":"B","location":"盾士.go:GuardBreak","message":"guard break","sessionId":"a87218","timestamp":1789812739634}
{"data":{"armedBefore":true,"coverBefore":false,"id":1,"time":48.49999999999853},"hypothesisId":"B","location":"盾士.go:GuardBreak","message":"guard break","sessionId":"a87218","timestamp":1789812744534}
{"data":{"from":83,"hp":55,"kind":"盾士","owner":1,"time":48.49999999999853,"wardAbsorb":false},"hypothesisId":"A","location":"match.go:popShellLocked","message":"shell popped no leftover absorb","sessionId":"a87218","timestamp":1789812744534}
{"data":{"absorbFlag":false,"amt":9,"hasShell":false,"hp":55,"kind":"盾士","time":51.84999999999834,"to":1,"token":16,"wardAbsorb":false},"hypothesisId":"A","location":"match.go:offerDamageLocked","message":"offer","sessionId":"a87218","timestamp":1789812747984}
{"data":{"amt":9,"armed":false,"cover":false,"id":1,"lost":0,"time":51.84999999999834,"token":16},"hypothesisId":"B","location":"盾士.go:IncomingDamage","message":"confirm","sessionId":"a87218","timestamp":1789812747984}
{"data":{"amt":9,"hp":55,"kind":"盾士","time":51.866666666665004,"to":1,"token":16},"hypothesisId":"A","location":"match.go:confirmDamageLocked","message":"confirm applied","sessionId":"a87218","timestamp":1789812748000}
{"data":{"from":102,"hp":46,"kind":"盾士","owner":1,"time":64.18333333333098,"wardAbsorb":false},"hypothesisId":"A","location":"match.go:popShellLocked","message":"shell popped no leftover absorb","sessionId":"a87218","timestamp":1789812760367}
{"data":{"armedBefore":true,"coverBefore":false,"id":1,"time":64.18333333333098},"hypothesisId":"B","location":"盾士.go:GuardBreak","message":"guard break","sessionId":"a87218","timestamp":1789812760367}
{"data":{"absorbFlag":false,"amt":9,"hasShell":false,"hp":46,"kind":"盾士","time":68.56666666666406,"to":1,"token":21,"wardAbsorb":false},"hypothesisId":"A","location":"match.go:offerDamageLocked","message":"offer","sessionId":"a87218","timestamp":1789812764950}
{"data":{"amt":9,"armed":false,"cover":false,"id":1,"lost":0,"time":68.56666666666406,"token":21},"hypothesisId":"B","location":"盾士.go:IncomingDamage","message":"confirm","sessionId":"a87218","timestamp":1789812764951}
{"data":{"amt":9,"hp":46,"kind":"盾士","time":68.58333333333073,"to":1,"token":21},"hypothesisId":"A","location":"match.go:confirmDamageLocked","message":"confirm applied","sessionId":"a87218","timestamp":1789812764967}
{"data":{"absorbFlag":false,"amt":9,"hasShell":false,"hp":37,"kind":"盾士","time":71.33333333333057,"to":1,"token":22,"wardAbsorb":false},"hypothesisId":"A","location":"match.go:offerDamageLocked","message":"offer","sessionId":"a87218","timestamp":1789812767767}
{"data":{"amt":9,"armed":false,"cover":false,"id":1,"lost":9,"time":71.33333333333057,"token":22},"hypothesisId":"B","location":"盾士.go:IncomingDamage","message":"confirm","sessionId":"a87218","timestamp":1789812767767}
{"data":{"amt":9,"hp":37,"kind":"盾士","time":71.34999999999724,"to":1,"token":22},"hypothesisId":"A","location":"match.go:confirmDamageLocked","message":"confirm applied","sessionId":"a87218","timestamp":1789812767784}
{"data":{"from":124,"hp":28,"kind":"盾士","owner":1,"time":77.2999999999969,"wardAbsorb":false},"hypothesisId":"A","location":"match.go:popShellLocked","message":"shell popped no leftover absorb","sessionId":"a87218","timestamp":1789812773784}
{"data":{"armedBefore":true,"coverBefore":false,"id":1,"time":77.2999999999969},"hypothesisId":"B","location":"盾士.go:GuardBreak","message":"guard break","sessionId":"a87218","timestamp":1789812773784}
{"data":{"absorbFlag":false,"amt":9,"hasShell":false,"hp":28,"kind":"盾士","time":79.36666666666345,"to":1,"token":26,"wardAbsorb":false},"hypothesisId":"A","location":"match.go:offerDamageLocked","message":"offer","sessionId":"a87218","timestamp":1789812776000}
{"data":{"amt":9,"armed":false,"cover":false,"id":1,"lost":0,"time":79.36666666666345,"token":26},"hypothesisId":"B","location":"盾士.go:IncomingDamage","message":"confirm","sessionId":"a87218","timestamp":1789812776001}
{"data":{"amt":9,"hp":28,"kind":"盾士","time":79.38333333333011,"to":1,"token":26},"hypothesisId":"A","location":"match.go:confirmDamageLocked","message":"confirm applied","sessionId":"a87218","timestamp":1789812776017}
{"data":{"from":141,"hp":19,"kind":"盾士","owner":1,"time":82.5499999999966,"wardAbsorb":false},"hypothesisId":"A","location":"match.go:popShellLocked","message":"shell popped no leftover absorb","sessionId":"a87218","timestamp":1789812779250}
{"data":{"armedBefore":true,"coverBefore":false,"id":1,"time":82.5499999999966},"hypothesisId":"B","location":"盾士.go:GuardBreak","message":"guard break","sessionId":"a87218","timestamp":1789812779250}
{"data":{"absorbFlag":false,"amt":9,"hasShell":false,"hp":19,"kind":"盾士","time":83.99999999999652,"to":1,"token":27,"wardAbsorb":false},"hypothesisId":"A","location":"match.go:offerDamageLocked","message":"offer","sessionId":"a87218","timestamp":1789812780700}
{"data":{"amt":9,"armed":false,"cover":false,"id":1,"lost":0,"time":83.99999999999652,"token":27},"hypothesisId":"B","location":"盾士.go:IncomingDamage","message":"confirm","sessionId":"a87218","timestamp":1789812780701}
{"data":{"amt":9,"hp":19,"kind":"盾士","time":84.01666666666318,"to":1,"token":27},"hypothesisId":"A","location":"match.go:confirmDamageLocked","message":"confirm applied","sessionId":"a87218","timestamp":1789812780717}
{"data":{"from":2,"hp":10,"kind":"盾士","owner":1,"time":90.2833333333295,"wardAbsorb":false},"hypothesisId":"A","location":"match.go:popShellLocked","message":"shell popped no leftover absorb","sessionId":"a87218","timestamp":1789812787034}
{"data":{"armedBefore":true,"coverBefore":false,"id":1,"time":90.2833333333295},"hypothesisId":"B","location":"盾士.go:GuardBreak","message":"guard break","sessionId":"a87218","timestamp":1789812787034}
